Last login: Tue Jan 24 14:53:55 on ttys000
Canvass-MacBook-Pro:~ Canvas$ cd desktop
Canvass-MacBook-Pro:desktop Canvas$ cd test
Canvass-MacBook-Pro:test Canvas$ ls
aboutMe.txt	index.html	styles.css
Canvass-MacBook-Pro:test Canvas$ git status
On branch master

Initial commit

Changes to be committed:
  (use "git rm --cached <file>..." to unstage)

	new file:   aboutMe.txt

Untracked files:
  (use "git add <file>..." to include in what will be committed)

	index.html
	styles.css

Canvass-MacBook-Pro:test Canvas$ open aboutMe.txt
Canvass-MacBook-Pro:test Canvas$ git add aboutMe.txt
Canvass-MacBook-Pro:test Canvas$ git status
On branch master

Initial commit

Changes to be committed:
  (use "git rm --cached <file>..." to unstage)

	new file:   aboutMe.txt

Untracked files:
  (use "git add <file>..." to include in what will be committed)

	index.html
	styles.css

Canvass-MacBook-Pro:test Canvas$ git commit -m "updated aboutMe"
[master (root-commit) b3b0aa8] updated aboutMe
 1 file changed, 2 insertions(+)
 create mode 100644 aboutMe.txt
Canvass-MacBook-Pro:test Canvas$ git status
On branch master
Untracked files:
  (use "git add <file>..." to include in what will be committed)

	index.html
	styles.css

nothing added to commit but untracked files present (use "git add" to track)
Canvass-MacBook-Pro:test Canvas$ open aboutMe.txt
Canvass-MacBook-Pro:test Canvas$ add . aboutMe.txt
-bash: add: command not found
Canvass-MacBook-Pro:test Canvas$ add aboutMe.txt
-bash: add: command not found
Canvass-MacBook-Pro:test Canvas$ git add aboutMe.txt
Canvass-MacBook-Pro:test Canvas$ git status
On branch master
Changes to be committed:
  (use "git reset HEAD <file>..." to unstage)

	modified:   aboutMe.txt

Untracked files:
  (use "git add <file>..." to include in what will be committed)

	index.html
	styles.css

Canvass-MacBook-Pro:test Canvas$ git commit -m "added favorite movie to aboutMe"
[master 09392db] added favorite movie to aboutMe
 1 file changed, 1 insertion(+)
Canvass-MacBook-Pro:test Canvas$ git status
On branch master
Untracked files:
  (use "git add <file>..." to include in what will be committed)

	index.html
	styles.css

nothing added to commit but untracked files present (use "git add" to track)
Canvass-MacBook-Pro:test Canvas$ git log
commit 09392db69f3aa500d5d6ed4eaf9ebd41792e446b
Author: James_Kelley <jkgda@aim.com>
Date:   Tue Jan 24 15:04:32 2017 -0600

    added favorite movie to aboutMe

commit b3b0aa87d95894730eec3b8798cd9d52245cf569
Author: James_Kelley <jkgda@aim.com>
Date:   Tue Jan 24 15:01:49 2017 -0600

    updated aboutMe
Canvass-MacBook-Pro:test Canvas$ git revert -n 09392db69f3aa500d5d6ed4eaf9ebd41792e446b
Canvass-MacBook-Pro:test Canvas$ open aboutMe.txt
Canvass-MacBook-Pro:test Canvas$ git status
On branch master
You are currently reverting commit 09392db.
  (all conflicts fixed: run "git revert --continue")
  (use "git revert --abort" to cancel the revert operation)

Changes to be committed:
  (use "git reset HEAD <file>..." to unstage)

	modified:   aboutMe.txt

Changes not staged for commit:
  (use "git add <file>..." to update what will be committed)
  (use "git checkout -- <file>..." to discard changes in working directory)

	modified:   aboutMe.txt

Untracked files:
  (use "git add <file>..." to include in what will be committed)

	index.html
	styles.css

Canvass-MacBook-Pro:test Canvas$ git add aboutMe.txt
Canvass-MacBook-Pro:test Canvas$ git status
On branch master
You are currently reverting commit 09392db.
  (all conflicts fixed: run "git revert --continue")
  (use "git revert --abort" to cancel the revert operation)

Untracked files:
  (use "git add <file>..." to include in what will be committed)

	index.html
	styles.css

nothing added to commit but untracked files present (use "git add" to track)
Canvass-MacBook-Pro:test Canvas$ open aboutMe.txt
Canvass-MacBook-Pro:test Canvas$ git status
On branch master
You are currently reverting commit 09392db.
  (all conflicts fixed: run "git revert --continue")
  (use "git revert --abort" to cancel the revert operation)

Changes not staged for commit:
  (use "git add <file>..." to update what will be committed)
  (use "git checkout -- <file>..." to discard changes in working directory)

	modified:   aboutMe.txt

Untracked files:
  (use "git add <file>..." to include in what will be committed)

	index.html
	styles.css

no changes added to commit (use "git add" and/or "git commit -a")
Canvass-MacBook-Pro:test Canvas$ git add aboutMe.txt
Canvass-MacBook-Pro:test Canvas$ git status
On branch master
You are currently reverting commit 09392db.
  (all conflicts fixed: run "git revert --continue")
  (use "git revert --abort" to cancel the revert operation)

Changes to be committed:
  (use "git reset HEAD <file>..." to unstage)

	modified:   aboutMe.txt

Untracked files:
  (use "git add <file>..." to include in what will be committed)

	index.html
	styles.css

Canvass-MacBook-Pro:test Canvas$ git commit -m "More changes"
[master b19fd93] More changes
 1 file changed, 1 insertion(+), 1 deletion(-)
Canvass-MacBook-Pro:test Canvas$ git status
On branch master
Untracked files:
  (use "git add <file>..." to include in what will be committed)

	index.html
	styles.css

nothing added to commit but untracked files present (use "git add" to track)
Canvass-MacBook-Pro:test Canvas$ 
